
> mysquads@0.1.0 build
> next build

Ôû▓ Next.js 16.1.6 (Turbopack)
- Environments: .env

node.exe : ÔÜá The 
"middleware" file 
convention is 
deprecated. Please use 
"proxy" instead. Learn 
more: https://nextjs.or
g/docs/messages/middlew
are-to-proxy
No C:\Program Files\nod
ejs\npm.ps1:29 
caractere:3
+   & $NODE_EXE 
$NPM_CLI_JS $args
+   ~~~~~~~~~~~~~~~~~~~
~~~~~~~~~~
    + CategoryInfo     
         : NotSpecifi  
  ed: (ÔÜá The "midd   
 le...leware-to-pro    
xy:String) [], Rem    
oteException
    + FullyQualifiedEr 
   rorId : NativeComm  
  andError
 
  Creating an optimized production build ...
Turbopack build 
encountered 1 warnings:
./src/app/api/timebank/
parse/route.ts:27:34
Module not found: 
Can't resolve 'pdf-pars
e/lib/pdf-parse.js'
[0m [90m 25 |[39m   
          
[36mtry[39m {
 [90m 26 |[39m       
          [90m// By 
doing a strictly 
dynamic require inside 
the function, NextJS 
build ignores it[39m
[31m[1m>[22m[39m[9
0m 27 |[39m           
      [36mconst[39m 
pdfParse [33m=[39m re
quire([32m"pdf-parse/l
ib/pdf-parse.js"[39m)
[33m;[39m
 [90m    |[39m       
                       
    [31m[1m^[22m[39
m[31m[1m^[22m[39m[
31m[1m^[22m[39m[31m
[1m^[22m[39m[31m[1
m^[22m[39m[31m[1m^
[22m[39m[31m[1m^[22
m[39m[31m[1m^[22m[
39m[31m[1m^[22m[39m
[31m[1m^[22m[39m[3
1m[1m^[22m[39m[31m
[1m^[22m[39m[31m[1m
^[22m[39m[31m[1m^[
22m[39m[31m[1m^[22m
[39m[31m[1m^[22m[3
9m[31m[1m^[22m[39m
[31m[1m^[22m[39m[31
m[1m^[22m[39m[31m[
1m^[22m[39m[31m[1m^
[22m[39m[31m[1m^[2
2m[39m[31m[1m^[22m
[39m[31m[1m^[22m[39
m[31m[1m^[22m[39m[
31m[1m^[22m[39m[31m
[1m^[22m[39m[31m[1
m^[22m[39m[31m[1m^
[22m[39m[31m[1m^[22
m[39m[31m[1m^[22m[
39m[31m[1m^[22m[39m
[31m[1m^[22m[39m[3
1m[1m^[22m[39m[31m
[1m^[22m[39m[31m[1m
^[22m[39m[31m[1m^[
22m[39m
 [90m 28 |[39m       
          
[36mconst[39m data 
[33m=[39m 
[36mawait[39m pdfPars
e(fileBuffer)[33m;[39
m
 [90m 29 |[39m       
          
simulatedHours 
[33m=[39m data[33m.
[39mnumpages 
[33m*[39m [35m2.5[3
9m[33m;[39m [90m// 
Stupid simple stub 
[39m
 [90m 30 |[39m       
      } 
[36mcatch[39m (e) 
{[0m



https://nextjs.org/docs
/messages/module-not-fo
und


Ô£ô Compiled successfully in 1997.9ms
  Running TypeScript ...
  Collecting page data using 15 workers ...
  Generating static pages using 15 workers (0/21) ...
  Generating static pages using 15 workers (5/21) 
  Generating static pages using 15 workers (10/21) 
  Generating static pages using 15 workers (15/21) 
Ô£ô Generating static pages using 15 workers (21/21) in 296.5ms
  Finalizing page optimization ...

Route (app)
Ôöî Ôùï /
Ôö£ Ôùï /_not-found
Ôö£ ãÆ /api/auth/[...nextauth]
Ôö£ ãÆ /api/collaborators
Ôö£ ãÆ /api/collaborators/[id]
Ôö£ ãÆ /api/coordinators
Ôö£ ãÆ /api/dashboard
Ôö£ ãÆ /api/events
Ôö£ ãÆ /api/links
Ôö£ ãÆ /api/register
Ôö£ ãÆ /api/roles
Ôö£ ãÆ /api/roles/[id]
Ôö£ ãÆ /api/squads
Ôö£ ãÆ /api/squads/[id]
Ôö£ ãÆ /api/squads/[id]/collaborators
Ôö£ ãÆ /api/timebank
Ôö£ ãÆ /api/timebank/parse
Ôö£ Ôùï /collaborators
Ôö£ Ôùï /dashboard
Ôö£ Ôùï /events
Ôö£ Ôùï /login
Ôö£ Ôùï /register
Ôö£ Ôùï /roles
Ôö£ Ôùï /squads
Ôöö Ôùï /timebank


ãÆ Proxy (Middleware)

Ôùï  (Static)   prerendered as static content
ãÆ  (Dynamic)  server-rendered on demand

